1 200 /
2 200 /pirmsskola
3 200 /skola
4 200 /makslu-skola
5 200 /makslu-skola/interesu-izglitiba
6 200 /kontakti
7 200 /kulturas_patnis_adazos
8 200 /ppms
9 200 /makslu-skola/maksla
10 403 /vakances
11 200 /pirmsskola/pieteiksanas
12 200 /skola/pieteiksanas
13 200 /form/pieteikums-muzikas-nodalai
14 200 /form/pieteikums-makslas-nodalai-v-2
15 200 /par-patni
16 200 /skola/steam
17 200 /prese
18 200 /skola/galerija
19 200 /buj
20 200 /personas-datu-aizsardziba
21 200 /sikdatnes
22 200 /blogs
23 200 /pirmsskola/gregora-iela
24 200 /pirmsskola/maldugunu-iela
25 200 /pirmsskola/ziedondarzs
26 200 /pirmsskola/spargelitis
27 200 /pirmsskola/adazos
28 200 /playlab
29 404 /cdn-cgi/l/email-protection
30 200 /skola/ligums
31 200 /skola/cambridge
32 200 /skola/vpd
33 200 /skola/sadarbibas-partneri
34 200 /skola/metodiskais-darbs
35 200 /skola/mentorings
36 200 /skola/skolas-padome
37 200 /skola/pasparvalde
38 200 /skola/skolas-soma
39 200 /skola/attalinatas-macibas
40 200 /skola/kiva
41 200 /skola/atvertas-durvis
42 200 /skola/patnis-tv
43 200 /skola/pasākumi
44 200 /skola/konkursiunolimpiades
45 200 /skola/ekoskola
46 200 /skola/oecd
47 200 /skola/erasmus
48 200 /skola/absolventi
49 200 /skola/1-6-klase
50 200 /skola/7-12
51 200 /makslu-skola/muzika
52 200 /form/kulturas-patnis-adazos
53 404 /pieteikties-skolai
54 200 /form/makslas-nodalas-ligums-pieaugusa
55 200 /par-patni/vizija-un-merki
56 200 /par-patni/vesture
57 200 /par-patni/fakti
58 200 /raksts/steam-olimpiade-2026gada-noslegusies-ar-lieliskiem-rezultatiem
59 200 /raksts/steam-3klase-pieredzes-apmaina-lietuva-siaures-licejus
60 200 /raksts/steam-konference
61 200 /konference
62 200 /raksts/steam-1klase-ka-petit-visumu
63 200 /raksts/steam-olimpiade
64 200 /raksts/steam-robo-skola
65 200 /raksts/steam-konkurss
66 200 /raksts/steam-1-6-klasu-skolenu-sacensibas
67 200 /raksts/steam-atvertas-durvis-0
68 200 /raksts/steam-sadarbiba-ar-futurimo-decembri
69 200 /raksts/steam-apvieno-dizainu-un-biologiju
70 200 /raksts/steam-sadarbiba-ar-futurimo
71 200 /raksts/steam-2425macibu-gada
72 200 /raksts/steam-gada-nosleguma-konference
73 200 /raksts/steam-projekts-1klase-gaisma-un-skana
74 200 /raksts/steam-projektu-apskats
75 200 /raksts/steam-projekts-1klasei-sadarbiba-ar-getlini-eko
76 200 /raksts/steam-istenosanas-soli-no-augusta-lidz-maijam
77 200 /raksts/steam-istenojums-1ceturksni
78 200 /raksts/steam-skolina-toposajiem-pirmklasniekiem
79 200 /skola/steam?page=1
80 200 /raksts/vai-latvija-berni-joprojam-macas-atzimei-nevis-zinasanam
81 200 /raksts/no-tiktok-lidz-velesanu-urnai-ka-jauniesiem-izdarit-savu-izveli-0
82 200 /raksts/aptauja-skolas-videi-ir-izskirosa-loma-skolenu-sekmes
83 200 /raksts/kapec-latvijai-nepieciesams-jauns-izglitibas-likums
84 200 /raksts/ticiet-pedagogi-ir-gatavi-jaunam-idejam
85 200 /raksts/privatskolu-finansesana-kas-mainisies-lidz-ar-skolu-reformu
86 200 /raksts/ka-turpmak-macit-matematiku-skola-pavisam-citadi-ka-agrak-vai-tomer-ka-senos-laikos
87 200 /raksts/portrets-patnis-dibinataja-zane-ozola
88 200 /raksts/anita-muizniece-skolotajiem-ir-jabut-tiesibam-ka-noverst-likumparkapumus-skolas
89 200 /raksts/patna-absolventa-stasts-jagrs-teica-agentam-mums-vinu-vajag-latvijas-netalantiga-hokejista
90 200 /raksts/patna-ekoskola-viesojas-latvijas-radio-2-ricibu-dienas-2023
91 200 /raksts/vidusskolas-patnis-matematikas-skolotajs-aleksandrs-vorobjovs-raidijuma-aizliegtais
92 200 /raksts/vidusskolas-patnis-direktore-esam-noilgojusies-pec-skolas
93 200 /raksts/astra-rubene-ka-berni-var-macities-pienemt-atskirigo-caur-makslu
94 200 /raksts/anita-muizniece-skeptiska-par-skolu-tikla-reformas-kriterijiem
95 200 /raksts/brali-un-masas-un-makslu-skolas-kulturas-patnis-audzeknu-makslas-darbu-izstade-akropole-riga
96 200 /raksts/anita-muizniece-steam-skolam-nakotne-bus-izskirosa-loma
97 200 /raksts/kada-ir-berna-fiziskajai-garigajai-un-intelektualajai-attistibai-labveliga-vide
98 200 /raksts/radosums-kritiski-svariga-prasme-lai-konkuretu-nakotnes-darba-tirgu
99 200 /raksts/julija-lukjanovica-algoritmiska-domasana-un-lasitprasme-datorika-maziem-berniem-nav-tikai
100 200 /prese?page=1
101 200 /raksts/vai-latvija-berni-joprojam-macas-atzimei-nevis-zinasanam-0
102 200 /raksts/no-tiktok-lidz-velesanu-urnai-ka-jauniesiem-izdarit-savu-izveli
103 200 /raksts/patnis-uzsak-personalizetas-macisanas-ieviesanu
104 200 /raksts/vidusskolas-patnis-direktore-esam-noilgojusies-pec-skolas-0
105 200 /raksts/vasaras-brivlaiks-vel-nav-beidzies-tacu-daudzas-privatas-vidusskola-patnis-saimes-gimenes
106 200 /raksts/projektos-balstita-macisanas-uzvaras-gajiens-musdienigas-bet-kvalitativas-izglitibas
107 200 /raksts/cela-uz-steam-skolu-iespeju-nodrosinasana-skoleniem-izmantojot-projektos-balstitu-macisanos
108 200 /raksts/berns-grib-atvert-visas-durtinas-apgriezt-katru-akmeni-ka-nenokaut-berna-dabisko-interesi
109 200 /raksts/ja-macisimies-ka-roboti-nakotne-stradasim-robotu-laba
110 200 /darbinieks/ieva-haselbauma
111 200 /taxonomy/term/8
112 200 /taxonomy/term/6
113 200 /taxonomy/term/5
114 200 /raksts/patnis-cambridge-english-preperation-centre-2627mg
115 200 /raksts/cambridge-english-pieteiksanas-20252026mg-eksamenam
116 200 /raksts/cambridge-english-patnis-preparation-centre
117 200 /raksts/cambridge-english-rezultati-2425macibu-gada
118 200 /raksts/cambridge-english-eksameni-20242025macgada
119 200 /raksts/cambridge-english-eksamenu-rezultati-2024gada
120 200 /raksts/cambridge-english-eksameni-patni-jau-aprili
121 200 /raksts/baltic-council-parstavji-patni
122 200 /raksts/cambridge-english-2324mg
123 200 /raksts/cambridge-english-panakumi-2223mg
124 200 /raksts/cambridge-english-macibu-process
125 200 /raksts/cambridge-english-eksamens
126 200 /raksts/2627macg-vai-macities-var-ari-meza-klase
127 200 /raksts/2627macg-dzejas-menesis-barona-filiale
128 200 /raksts/2627mg-lasisanas-nedela-gregora-filiale
129 200 /raksts/signalvelesanas-2627macibu-gada
130 200 /raksts/literatura-ii-kursa-ietvaros-barona-filiale-viesos-rezisors-rvaivars
131 200 /raksts/2526macg-barona-filiale-pie-vidusskoleniem-viesos-arsts-asivins
132 200 /raksts/2526macibu-gads-barona-filiale-tiksanas-ar-aktieri-i-kniploku
133 200 /raksts/2526macibu-gads-barona-filiale-viesos-aktieris-meinards-liepins
134 200 /raksts/2526macibu-gads-barona-filiale-kursa-kulturas-kanons-ietvaros-viesos-regina-devite
135 200 /raksts/2526macibu-gads-vidusskoleni-tiekas-ar-aktrisi-sanitu-paulu-sarunas-par-antigoni
136 200 /raksts/2526macibu-gads-tiksanas-barona-filiale-ar-profl-balodi
137 200 /raksts/2526macibu-gads-februaris-reinis-dzudzilo
138 200 /raksts/2526macg-barona-filiale-12klase-izzina-raina-induli-un-ariju
139 200 /raksts/2526macg-barona-filiale-pie-11klases-viesos-valmieras-teatra-aktieris-krisjanis-strods
140 200 /raksts/2526macg-barona-filiale-valmieras-teatra-aktieris-aksels-aizkalns
141 200 /raksts/2526macg-barona-filiale-12klases-inzenieru-kurss-par-arhitekturu-saruna-ar-ilonu-vaivadi
142 200 /raksts/2526macg-barona-filiale-12klase-tiekas-ar-dzejnieci-maru-ulmi
143 200 /raksts/2526macg-barona-filiale-7klase-satiek-teatri-skola
144 200 /raksts/2526macg-barona-filiale-viesos-aktieris-un-dzejnieks-andris-bulis
145 200 /raksts/2526macg-septembris-barona-filiale
146 200 /skola/vpd?page=1
147 200 /raksts/atverto-durvju-dienas-jaunajai-20262027macibu-gada-7klasei-noslegusas
148 200 /raksts/atverto-durvju-dienas-toposajai-7-klasei
149 200 /raksts/atverto-durvju-dienas-7-10-aprili-krbarona-iela-20
150 200 /raksts/steam-atvertas-durvis
151 200 /raksts/atverto-durvju-dienas-toposajai-7klasei-krbarona-iela-20
152 200 /raksts/atverto-durvju-dienas-2425mg-decembri-kr-barona-ielas-filiale
153 200 /raksts/oktobri-atverto-durvju-dienas-1-6kl-gregora-iela-13a
154 200 /raksts/oktobri-atverto-durvju-dienas-7-12kl-krbarona-iela-20
155 200 /raksts/pieteiksanas-uz-10klasi-2425mg
156 200 /raksts/pieteiksanas-uz-7klasi-2425mg
157 200 /raksts/atverto-durvju-dienas-2425mg-7klases-skoleniem-atskats
158 200 /raksts/atverto-durvju-dienas-krbarona-skolas-filiale-7-12-klase-27032024
159 200 /raksts/atverto-durvju-dienas-gregora-skolas-filiale-1-6-klase-atskats-0
160 200 /raksts/atverto-durvju-dienas-gregora-skolas-filiale-1-6-klase
161 200 /raksts/atverto-durvju-diena-toposo-pirmklasnieku-vecakiem-25-012024
162 200 /raksts/atvertas-durvis-gregora-skolas-filiale-1-6-klase-25012024
163 200 /raksts/atverto-durvju-dienas-barona-skolas-filiale-7-12kl
164 200 /raksts/pisa-2022-pirmo-rezultatu-pazinosanas-pasakums
165 200 /raksts/vebinars-par-maksligo-intelektu
166 200 /raksts/patnis-ir-uzsacis-dalibu-oecd-schools-projekta
167 200 /makslu-skola/muzika/pieteiksanas
168 200 /raksts/9-steam-soli
169 200 /raksts/si-gada-steam-temats-maksligais-intelekts
170 200 /raksts/steam-skola-atverto-durvju-diena
171 200 /skola/steam?page=0
172 200 /raksts/zane-ozola-kas-kave-latvijas-izglitibas-attistibu
173 200 /raksts/uznemeju-skolu-direktoru-mentoringa-programma-iesaistijusies-skolu-direktori-no-visas
174 200 /raksts/kristine-lepnane-sabiedriba-spiez-ipaso-bernu-vecakus-ienemt-kara-stavokli
175 200 /raksts/zane-ozola-vai-mums-pietrukst-drosmes-ieklaujosajai-izglitibai
176 200 /raksts/bernu-ar-ipasam-vajadzibam-darbi-apskatami-izstade-makslas-pecpusdiena
177 200 /raksts/privatas-skolas-patnis-dibinataja-zane-ozola-par-klatienes-macibu-atsaksanu
178 200 /raksts/privatas-vidusskolas-patnis-direktore-agnese-putele-par-macibu-uzsaksanu-1-klase
179 200 /raksts/makslu-skolas-kulturas-patnis-direktore-astra-rubene-par-starptautiskas-gimenes-dienas
180 200 /raksts/adazu-pirmsskolas-patnis-izglitibas-metodike-inga-grigaluna-par-ekologiskam-rotallietam
181 200 /raksts/marupes-pirmsskolas-patnis-izglitibas-metodike-ieva-haselbauma-par-montesori-metodiku
182 200 /raksts/patnis-pirmsskolas-ziedondarzins-vaditaja-rudite-zilajeva-par-fiziskajam-aktivitatem-svaiga
183 200 /raksts/bernudarza-patnis-lapu-ielas-vaditaja-elina-kazanova-par-saimes-grupam
184 200 /raksts/adazu-pirmsskolas-patnis-vaditaja-klinta-gangnuse-par-berniem-ka-zalajiem-agentiem-gimenes
185 200 /raksts/privatas-vidusskolas-un-bernudarzu-patnis-valdes-locekle-inguna-vartina-par-dezurgrupu
186 200 /raksts/privatas-vidusskolas-un-bernudarzu-patnis-valdes-locekle-inguna-vartina-par-pedagogu
187 200 /raksts/makslu-skolas-kulturas-patnis-zimejumu-akcija-mediku-atbalstam
188 200 /raksts/privatas-vidusskolas-patnis-muzikas-skolotajas-elzas-ozolas-ieteikumi-ka-radosi-apgut-muziku
189 200 /raksts/privatas-skolas-patnis-dibinataja-zane-ozola-par-pedagogu-darbu-pandemijas-laika
190 200 /raksts/privatas-vidusskolas-un-bernudarzu-patnis-valdes-locekle-inguna-vartina-par-atbalstu
191 200 /prese?page=0
192 200 /pirmsskola/gregora-iela-old
193 200 /taxonomy/term/18/feed
194 200 /taxonomy/term/8/feed
195 200 /taxonomy/term/6/feed
196 200 /pirmsskola/adazos-legacy
197 200 /taxonomy/term/5/feed
198 200 /raksts/2526macg-tiksanas-ar-personibu-barona-filiale
199 200 /raksts/2526macg-oktobris-barona-filiale
200 200 /raksts/2425macibu-gads-junijs-ce-rezultati
201 200 /raksts/2425macibu-gadsmaijs
202 200 /raksts/2425macg-aprilis-barona-filiale-tiksanas-ar-rakstnieku-jani-jonevu
203 200 /raksts/2425macg-aprilis-barona-filiale-tiksanas-ar-literatu-akselu-hirsu
204 200 /raksts/2425macg-aprilis-barona-filiale-tiksanas-ar-dziedataju-anci-krauzi
205 200 /raksts/2425macg-aprilis-barona-filiale-tiksanas-ar-rezisoru-valteru-sili
206 200 /raksts/2425macg-aprilis-gregora-filiale
207 200 /raksts/2425macg-marts-un-teatris
208 200 /raksts/2425macibu-gadsmarts
209 200 /raksts/2425macibu-gads-basketbols
210 200 /raksts/2425macg-februaris
211 200 /raksts/2425macibu-gadsjanvaris
212 200 /raksts/2425macibu-gadsdecembris
213 200 /raksts/2425macg-novembris
214 200 /raksts/2425macg-oktobris
215 200 /raksts/2425macibu-gadsseptembris
216 200 /raksts/20222023macibu-gads
217 200 /raksts/20232024macibu-gads-maijs-un-vacu-valoda
218 200 /skola/vpd?page=0
219 200 /skola/vpd?page=2
220 200 /raksts/20232024macibu-gads-maijs
221 200 /raksts/20232024macibu-gads-aprilis
222 200 /raksts/20232024macibu-gads-marts
223 200 /raksts/20232024macibu-gads-februaris
224 200 /raksts/20232024macibu-gadsjanvaris
225 200 /raksts/20232024macibu-gadsdecembris
226 200 /raksts/20232024macibu-gads-novembris
227 200 /raksts/20232024macibu-gads-oktobris
228 200 /raksts/20232024macibu-gads-septembris
229 200 /raksts/20212022macibu-gads
